\BOOKMARK [1][-]{section.1}{\376\377\000I\000n\000t\000r\000o\000d\000u\000c\000t\000i\000o\000n}{}% 1
\BOOKMARK [1][-]{section.2}{\376\377\000C\000o\000n\000t\000e\000x\000t\000e\000\040\000d\000e\000\040\000l\000a\000\040\000r\000e\000c\000h\000e\000r\000c\000h\000e}{}% 2
\BOOKMARK [1][-]{section.3}{\376\377\000L\000i\000t\000t\000\351\000r\000a\000t\000u\000r\000e}{}% 3
\BOOKMARK [2][-]{subsection.3.1}{\376\377\000D\000\351\000f\000i\000n\000i\000t\000i\000o\000n\000\040\000e\000t\000\040\000m\000o\000d\000\351\000l\000i\000s\000a\000t\000i\000o\000n\000\040\000d\000u\000\040\000p\000r\000o\000b\000l\000\350\000m\000e}{section.3}% 4
\BOOKMARK [2][-]{subsection.3.2}{\376\377\000M\000\351\000t\000h\000o\000d\000e\000\040\000d\000e\000\040\000B\000e\000n\000d\000e\000r\000s\000\040\000A\000d\000v\000e\000r\000s\000e\000\040\000\050\000B\000A\000\051}{section.3}% 5
\BOOKMARK [3][-]{subsubsection.3.2.1}{\376\377\000L\000e\000\040\000p\000r\000o\000b\000l\000\350\000m\000e\000\040\000M\000i\000n\000M\000a\000x\000\040}{subsection.3.2}% 6
\BOOKMARK [3][-]{subsubsection.3.2.2}{\376\377\000L\000e\000\040\000s\000o\000u\000s\000-\000p\000r\000o\000b\000l\000\350\000m\000e\000\040\000A\000d\000v\000\040}{subsection.3.2}% 7
\BOOKMARK [3][-]{subsubsection.3.2.3}{\376\377\000L\000'\000a\000l\000g\000o\000r\000i\000t\000h\000m\000e\000\040\000d\000e\000\040\000B\000e\000n\000d\000e\000r\000s\000\040\000A\000d\000v\000e\000r\000s\000e\000\040\000p\000o\000u\000r\000\040\000l\000e\000\040\000L\000o\000t\000-\000S\000i\000z\000i\000n\000g\000\040\000s\000o\000u\000s\000\040\000i\000n\000c\000e\000r\000t\000i\000t\000u\000d\000e}{subsection.3.2}% 8
\BOOKMARK [2][-]{subsection.3.3}{\376\377\000M\000\351\000t\000h\000o\000d\000e\000\040\000d\000e\000\040\000B\000e\000n\000d\000e\000r\000s\000\040\000A\000d\000v\000e\000r\000s\000e\000\040\000\311\000t\000e\000n\000d\000u\000e\000\040\000\050\000B\000A\000E\000\051}{section.3}% 9
\BOOKMARK [3][-]{subsubsection.3.3.1}{\376\377\000L\000e\000\040\000p\000r\000o\000b\000l\000\350\000m\000e\000\040\000M\000i\000n\000M\000a\000x\000\040}{subsection.3.3}% 10
\BOOKMARK [3][-]{subsubsection.3.3.2}{\376\377\000L\000e\000\040\000s\000o\000u\000s\000-\000p\000r\000o\000b\000l\000\350\000m\000e\000\040\000A\000d\000v\000\040}{subsection.3.3}% 11
\BOOKMARK [3][-]{subsubsection.3.3.3}{\376\377\000L\000'\000o\000p\000\351\000r\000a\000t\000i\000o\000n\000\040\000d\000e\000\040\000f\000u\000s\000i\000o\000n}{subsection.3.3}% 12
\BOOKMARK [3][-]{subsubsection.3.3.4}{\376\377\000S\000t\000r\000a\000t\000\351\000g\000i\000e\000s\000\040\000d\000e\000\040\000s\000\351\000l\000e\000c\000t\000i\000o\000n\000\040\000d\000e\000s\000\040\000p\000i\000r\000e\000s\000\040\000s\000c\000\351\000n\000a\000r\000i\000o\000s}{subsection.3.3}% 13
\BOOKMARK [3][-]{subsubsection.3.3.5}{\376\377\000L\040\031\000a\000l\000g\000o\000r\000i\000t\000h\000m\000e\000\040\000d\000e\000\040\000B\000e\000n\000d\000e\000r\000s\000\040\000A\000d\000v\000e\000r\000s\000e\000\040\000\311\000t\000e\000n\000d\000u\000e\000\040\000p\000o\000u\000r\000\040\000l\000e\000\040\000L\000o\000t\000-\000S\000i\000z\000i\000n\000g\000\040\000s\000o\000u\000s\000\040\000i\000n\000c\000e\000r\000t\000i\000t\000u\000d\000e\000\040}{subsection.3.3}% 14
\BOOKMARK [1][-]{section.4}{\376\377\000P\000r\000\351\000s\000e\000n\000t\000a\000t\000i\000o\000n\000\040\000d\000u\000\040\000t\000r\000a\000v\000a\000i\000l\000\040\000e\000f\000f\000e\000c\000t\000u\000\351}{}% 15
\BOOKMARK [2][-]{subsection.4.1}{\376\377\000O\000b\000j\000e\000c\000t\000i\000f\000s}{section.4}% 16
\BOOKMARK [3][-]{subsubsection.4.1.1}{\376\377\000M\000a\000n\000i\000p\000u\000l\000a\000t\000i\000o\000n\000\040\000t\000h\000\351\000o\000r\000i\000q\000u\000e\000\040\000e\000t\000\040\000r\000e\000s\000t\000r\000u\000c\000t\000u\000r\000a\000t\000i\000o\000n\000\040\000d\000u\000\040\000m\000o\000d\000\350\000l\000e\000\040\000i\000n\000f\000o\000r\000m\000a\000t\000i\000q\000u\000e}{subsection.4.1}% 17
\BOOKMARK [3][-]{subsubsection.4.1.2}{\376\377\000A\000n\000a\000l\000y\000s\000e\000\040\000d\000e\000s\000\040\000p\000e\000r\000f\000o\000r\000m\000a\000n\000c\000e\000s\000\040\000d\000e\000\040\000r\000\351\000f\000\351\000r\000e\000n\000c\000e}{subsection.4.1}% 18
\BOOKMARK [3][-]{subsubsection.4.1.3}{\376\377\000D\000\351\000f\000i\000n\000i\000t\000i\000o\000n\000\040\000d\000e\000\040\000l\000'\000o\000b\000j\000e\000c\000t\000i\000f\000\040\000p\000r\000i\000n\000c\000i\000p\000a\000l}{subsection.4.1}% 19
\BOOKMARK [2][-]{subsection.4.2}{\376\377\000P\000r\000o\000p\000o\000s\000i\000t\000i\000o\000n\000s}{section.4}% 20
\BOOKMARK [3][-]{subsubsection.4.2.1}{\376\377\000L\000'\000h\000e\000u\000r\000i\000s\000t\000i\000q\000u\000e\000\040\000K\000C\000U}{subsection.4.2}% 21
\BOOKMARK [3][-]{subsubsection.4.2.2}{\376\377\000L\000'\000h\000e\000u\000r\000i\000s\000t\000i\000q\000u\000e\000\040\000K\000C\000U\000D}{subsection.4.2}% 22
\BOOKMARK [3][-]{subsubsection.4.2.3}{\376\377\000L\000'\000h\000e\000u\000r\000i\000s\000t\000i\000q\000u\000e\000\040\000K\000C\000R\000D\000K\000L}{subsection.4.2}% 23
\BOOKMARK [3][-]{subsubsection.4.2.4}{\376\377\000L\000'\000h\000e\000u\000r\000i\000s\000t\000i\000q\000u\000e\000\040\000K\000C\000H\000O\000G\000L}{subsection.4.2}% 24
\BOOKMARK [2][-]{subsection.4.3}{\376\377\000R\000\351\000s\000u\000l\000t\000a\000t\000s}{section.4}% 25
\BOOKMARK [3][-]{subsubsection.4.3.1}{\376\377\000C\000o\000n\000j\000e\000c\000t\000u\000r\000e\000s}{subsection.4.3}% 26
\BOOKMARK [2][-]{subsection.4.4}{\376\377\000E\000x\000p\000\351\000r\000i\000m\000e\000n\000t\000a\000t\000i\000o\000n\000\040\0001\000\040\000:\000\040\000A\000p\000p\000o\000r\000t\000s\000\040\000d\000e\000\040\000l\000a\000\040\000f\000a\000c\000t\000o\000r\000i\000s\000a\000t\000i\000o\000n\000\040\000d\000e\000\040\000c\000o\000n\000n\000a\000i\000s\000s\000a\000n\000c\000e\000s}{section.4}% 27
\BOOKMARK [2][-]{subsection.4.5}{\376\377\000E\000x\000p\000\351\000r\000i\000m\000e\000n\000t\000a\000t\000i\000o\000n\000\040\0002\000\040\000:\000\040\000a\000r\000r\000a\000n\000g\000e\000r\000\040\000t\000i\000t\000r\000e}{section.4}% 28
\BOOKMARK [2][-]{subsection.4.6}{\376\377\000E\000x\000p\000\351\000r\000i\000m\000e\000n\000t\000a\000t\000i\000o\000n\000\040\0003\000\040\000:\000\040\000a\000r\000r\000a\000n\000g\000e\000r\000\040\000t\000i\000t\000r\000e}{section.4}% 29
\BOOKMARK [2][-]{subsection.4.7}{\376\377\000C\000o\000n\000c\000l\000u\000s\000i\000o\000n}{section.4}% 30
\BOOKMARK [2][-]{subsection.4.8}{\376\377\000P\000i\000s\000t\000e\000\040\000d\040\031\000a\000m\000\351\000l\000i\000o\000r\000a\000t\000i\000o\000n\000s}{section.4}% 31
\BOOKMARK [1][-]{section.5}{\376\377\000C\000o\000n\000c\000l\000u\000s\000i\000o\000n}{}% 32
\BOOKMARK [2][-]{subsection.5.1}{\376\377\000S\000y\000n\000t\000h\000\350\000s\000e\000\040\000s\000u\000r\000\040\000l\000e\000\040\000t\000r\000a\000v\000a\000i\000l\000\040\000e\000f\000f\000e\000c\000t\000u\000\351}{section.5}% 33
\BOOKMARK [2][-]{subsection.5.2}{\376\377\000A\000p\000p\000o\000r\000t\000s\000\040\000p\000r\000o\000f\000e\000s\000s\000i\000o\000n\000n\000e\000l\000s}{section.5}% 34
\BOOKMARK [2][-]{subsection.5.3}{\376\377\000A\000p\000p\000o\000r\000t\000s\000\040\000t\000e\000c\000h\000n\000i\000q\000u\000e\000s}{section.5}% 35
\BOOKMARK [2][-]{subsection.5.4}{\376\377\000P\000e\000r\000s\000p\000e\000c\000t\000i\000v\000e\000s}{section.5}% 36
\BOOKMARK [0][-]{paragraph*.1}{\376\377\000A\000n\000n\000e\000x\000e\000s}{}% 37
\BOOKMARK [1][-]{appendix.A}{\376\377\000A\000n\000n\000e\000x\000e\000\040\0001\000\040\000:\000\040\000d\000\351\000f\000i\000n\000i\000t\000i\000o\000n\000\040\000d\000'\000u\000n\000\040\000g\000r\000a\000p\000h\000e\000\040\000d\000e\000\040\000b\000u\000d\000g\000e\000t}{paragraph*.1}% 38
\BOOKMARK [1][-]{appendix.B}{\376\377\000A\000n\000n\000e\000x\000e\000\040\0002\000\040\000:\000\040\000d\000\351\000f\000i\000n\000i\000t\000i\000o\000n\000\040\000d\000'\000u\000n\000\040\000g\000r\000a\000p\000h\000e\000\040\000p\000a\000r\000t\000i\000e\000l\000\040\000d\000e\000\040\000b\000u\000d\000g\000e\000t}{paragraph*.1}% 39
\BOOKMARK [1][-]{appendix.C}{\376\377\000A\000n\000n\000e\000x\000e\000\040\0002\000\040\000:\000\040\000a\000l\000g\000o\000r\000i\000t\000h\000m\000e\000\040\000d\000'\000i\000n\000i\000t\000i\000a\000l\000i\000s\000a\000t\000i\000o\000n\000\040\000d\000u\000\040\000b\000u\000d\000g\000e\000t\000\040\000d\000'\000i\000n\000c\000e\000r\000t\000i\000t\000u\000d\000e}{paragraph*.1}% 40
